src/components/ThreeDElement.tsx(44,13): error TS2322: Type '{ children: Element; geometry: BufferGeometry<NormalBufferAttributes, BufferGeometryEventMap>; }' is not assignable to type 'SVGLineElementAttributes<SVGLineElement>'.
  Property 'geometry' does not exist on type 'SVGLineElementAttributes<SVGLineElement>'.
src/pages/Home.tsx(117,26): error TS2322: Type 'string' is not assignable to type 'never'.
